2024/12/24 22:19:39 Pinned folder function unmarshal superfile data error
2024/12/24 22:19:39 unexpected end of JSON input
2024/12/24 22:36:30 Error render directory preview
2024/12/24 22:36:30 open /Users/jaimish/.Trash: operation not permitted
2024/12/24 22:36:31 Error render directory preview
2024/12/24 22:36:31 open /Users/jaimish/.Trash: operation not permitted
2024/12/28 10:12:34 Error render directory preview
2024/12/28 10:12:34 open /Users/jaimish/.Trash: operation not permitted
2024/12/28 10:12:35 Error render directory preview
2024/12/28 10:12:35 open /Users/jaimish/.Trash: operation not permitted
2024/12/28 10:12:35 Error render directory preview
2024/12/28 10:12:35 open /Users/jaimish/.Trash: operation not permitted
2024/12/28 10:12:46 Error render directory preview
2024/12/28 10:12:46 open /Users/jaimish/.Trash: operation not permitted
2024/12/28 10:12:46 Error render directory preview
2024/12/28 10:12:46 open /Users/jaimish/.Trash: operation not permitted
2024/12/28 10:12:49 Error render directory preview
2024/12/28 10:12:49 open /Users/jaimish/.Trash: operation not permitted
2024/12/28 10:13:07 Error check text file
2024/12/28 10:13:07 EOF
2024/12/28 10:13:07 Error check text file
2024/12/28 10:13:07 EOF
2024/12/28 10:13:15 Error check text file
2024/12/28 10:13:15 EOF
2024/12/28 10:13:15 Error check text file
2024/12/28 10:13:15 EOF
2024/12/28 10:13:17 Error check text file
2024/12/28 10:13:17 EOF
2024/12/28 10:13:17 Error check text file
2024/12/28 10:13:17 EOF
2024/12/28 10:13:57 Error render directory preview
2024/12/28 10:13:57 open /Users/jaimish/.Trash: operation not permitted
2024/12/28 10:14:04 Error render directory preview
2024/12/28 10:14:04 open /Users/jaimish/Library/Accounts: operation not permitted
2024/12/28 10:14:04 Error render directory preview
2024/12/28 10:14:04 open /Users/jaimish/Library/Accounts: operation not permitted
2024/12/28 10:14:05 Error render directory preview
2024/12/28 10:14:05 open /Users/jaimish/Library/AppleMediaServices: operation not permitted
2024/12/28 10:14:16 Error render directory preview
2024/12/28 10:14:16 open /Users/jaimish/Library/Application Support/CallHistoryDB: operation not permitted
2024/12/28 10:14:16 Error render directory preview
2024/12/28 10:14:16 open /Users/jaimish/Library/Application Support/CallHistoryTransactions: operation not permitted
2024/12/28 10:14:17 Error render directory preview
2024/12/28 10:14:17 open /Users/jaimish/Library/Application Support/CloudDocs: operation not permitted
2024/12/28 10:14:17 Error render directory preview
2024/12/28 10:14:17 open /Users/jaimish/Library/Application Support/CloudDocs: operation not permitted
2024/12/28 10:14:20 Error render directory preview
2024/12/28 10:14:20 open /Users/jaimish/Library/Application Support/com.apple.sharedfilelist: operation not permitted
2024/12/28 10:14:20 Error render directory preview
2024/12/28 10:14:20 open /Users/jaimish/Library/Application Support/com.apple.TCC: operation not permitted
2024/12/28 10:14:21 Error render directory preview
2024/12/28 10:14:21 open /Users/jaimish/Library/Application Support/DifferentialPrivacy: operation not permitted
2024/12/28 10:14:21 Error render directory preview
2024/12/28 10:14:21 open /Users/jaimish/Library/Application Support/FaceTime: operation not permitted
2024/12/28 10:14:21 Error render directory preview
2024/12/28 10:14:21 open /Users/jaimish/Library/Application Support/FileProvider: operation not permitted
2024/12/28 10:14:24 Error render directory preview
2024/12/28 10:14:24 open /Users/jaimish/Library/Application Support/FileProvider: operation not permitted
2024/12/28 10:14:24 Error render directory preview
2024/12/28 10:14:24 open /Users/jaimish/Library/Application Support/FileProvider: operation not permitted
2024/12/28 10:14:24 Error render directory preview
2024/12/28 10:14:24 open /Users/jaimish/Library/Application Support/FaceTime: operation not permitted
2024/12/28 10:14:24 Error render directory preview
2024/12/28 10:14:24 open /Users/jaimish/Library/Application Support/FaceTime: operation not permitted
2024/12/28 10:14:28 Error render directory preview
2024/12/28 10:14:28 open /Users/jaimish/Library/Application Support/FaceTime: operation not permitted
2024/12/28 10:14:28 Error render directory preview
2024/12/28 10:14:28 open /Users/jaimish/Library/Application Support/FileProvider: operation not permitted
2024/12/28 10:14:31 Error render directory preview
2024/12/28 10:14:31 open /Users/jaimish/Library/Application Support/Knowledge: operation not permitted
2024/12/28 10:14:31 Error render directory preview
2024/12/28 10:14:31 open /Users/jaimish/Library/Application Support/Knowledge: operation not permitted
2024/12/28 10:14:38 Error render directory preview
2024/12/28 10:14:38 open /Users/jaimish/Library/Application Support/MobileSync: operation not permitted
2024/12/28 10:14:38 Error render directory preview
2024/12/28 10:14:38 open /Users/jaimish/Library/Application Support/MobileSync: operation not permitted
2024/12/28 10:17:52 Error render directory preview
2024/12/28 10:17:52 open /Users/jaimish/.Trash: operation not permitted
2024/12/28 10:18:32 Error render directory preview
2024/12/28 10:18:32 open /Users/jaimish/Library/Accounts: operation not permitted
2024/12/28 10:18:32 Error render directory preview
2024/12/28 10:18:32 open /Users/jaimish/Library/Accounts: operation not permitted
2024/12/28 10:18:33 Error render directory preview
2024/12/28 10:18:33 open /Users/jaimish/Library/AppleMediaServices: operation not permitted
2024/12/28 10:18:33 Error render directory preview
2024/12/28 10:18:33 open /Users/jaimish/Library/Autosave Information: operation not permitted
2024/12/28 10:18:33 Error render directory preview
2024/12/28 10:18:33 open /Users/jaimish/Library/Biome: operation not permitted
2024/12/28 10:18:33 Error render directory preview
2024/12/28 10:18:33 open /Users/jaimish/Library/Calendars: operation not permitted
2024/12/28 10:18:33 Error render directory preview
2024/12/28 10:18:33 open /Users/jaimish/Library/com.apple.aiml.instrumentation: operation not permitted
2024/12/28 10:18:34 Error render directory preview
2024/12/28 10:18:34 open /Users/jaimish/Library/ContainerManager: operation not permitted
2024/12/28 10:18:34 Error render directory preview
2024/12/28 10:18:34 open /Users/jaimish/Library/Cookies: operation not permitted
2024/12/28 10:18:34 Error render directory preview
2024/12/28 10:18:34 open /Users/jaimish/Library/CoreFollowUp: operation not permitted
2024/12/28 10:18:34 Error render directory preview
2024/12/28 10:18:34 open /Users/jaimish/Library/Daemon Containers: operation not permitted
2024/12/28 10:18:34 Error render directory preview
2024/12/28 10:18:34 open /Users/jaimish/Library/DoNotDisturb: operation not permitted
2024/12/28 10:18:34 Error render directory preview
2024/12/28 10:18:34 open /Users/jaimish/Library/DuetExpertCenter: operation not permitted
2024/12/28 10:18:34 Error render directory preview
2024/12/28 10:18:34 open /Users/jaimish/Library/HomeKit: operation not permitted
2024/12/28 10:18:34 Error render directory preview
2024/12/28 10:18:34 open /Users/jaimish/Library/IdentityServices: operation not permitted
2024/12/28 10:18:34 Error render directory preview
2024/12/28 10:18:34 open /Users/jaimish/Library/IntelligencePlatform: operation not permitted
2024/12/28 10:18:36 Error render directory preview
2024/12/28 10:18:36 open /Users/jaimish/Library/Mail: operation not permitted
2024/12/28 10:18:36 Error render directory preview
2024/12/28 10:18:36 open /Users/jaimish/Library/Mail: operation not permitted
2024/12/28 10:18:36 Error render directory preview
2024/12/28 10:18:36 open /Users/jaimish/Library/Messages: operation not permitted
2024/12/28 10:18:36 Error render directory preview
2024/12/28 10:18:36 open /Users/jaimish/Library/Messages: operation not permitted
2024/12/28 10:18:37 Error render directory preview
2024/12/28 10:18:37 open /Users/jaimish/Library/Messages: operation not permitted
2024/12/28 10:18:37 Error render directory preview
2024/12/28 10:18:37 open /Users/jaimish/Library/Messages: operation not permitted
2024/12/28 10:18:37 Error render directory preview
2024/12/28 10:18:37 open /Users/jaimish/Library/Mail: operation not permitted
2024/12/28 10:18:38 Error render directory preview
2024/12/28 10:18:38 open /Users/jaimish/Library/IntelligencePlatform: operation not permitted
2024/12/28 10:18:38 Error render directory preview
2024/12/28 10:18:38 open /Users/jaimish/Library/IdentityServices: operation not permitted
2024/12/28 10:18:38 Error render directory preview
2024/12/28 10:18:38 open /Users/jaimish/Library/HomeKit: operation not permitted
2024/12/28 10:18:38 Error render directory preview
2024/12/28 10:18:38 open /Users/jaimish/Library/DuetExpertCenter: operation not permitted
2024/12/28 10:18:38 Error render directory preview
2024/12/28 10:18:38 open /Users/jaimish/Library/DoNotDisturb: operation not permitted
2024/12/28 10:18:38 Error render directory preview
2024/12/28 10:18:38 open /Users/jaimish/Library/Daemon Containers: operation not permitted
2024/12/28 10:18:39 Error render directory preview
2024/12/28 10:18:39 open /Users/jaimish/Library/CoreFollowUp: operation not permitted
2024/12/28 10:18:39 Error render directory preview
2024/12/28 10:18:39 open /Users/jaimish/Library/Cookies: operation not permitted
2024/12/28 10:18:39 Error render directory preview
2024/12/28 10:18:39 open /Users/jaimish/Library/ContainerManager: operation not permitted
2024/12/28 10:18:39 Error render directory preview
2024/12/28 10:18:39 open /Users/jaimish/Library/com.apple.aiml.instrumentation: operation not permitted
2024/12/28 10:18:39 Error render directory preview
2024/12/28 10:18:39 open /Users/jaimish/Library/com.apple.aiml.instrumentation: operation not permitted
2024/12/28 10:18:40 Error render directory preview
2024/12/28 10:18:40 open /Users/jaimish/Library/Calendars: operation not permitted
2024/12/28 10:18:40 Error render directory preview
2024/12/28 10:18:40 open /Users/jaimish/Library/Calendars: operation not permitted
2024/12/28 10:18:41 Error render directory preview
2024/12/28 10:18:41 open /Users/jaimish/Library/Biome: operation not permitted
2024/12/28 10:18:41 Error render directory preview
2024/12/28 10:18:41 open /Users/jaimish/Library/Biome: operation not permitted
2024/12/28 10:18:41 Error render directory preview
2024/12/28 10:18:41 open /Users/jaimish/Library/Autosave Information: operation not permitted
2024/12/28 10:18:41 Error render directory preview
2024/12/28 10:18:41 open /Users/jaimish/Library/Autosave Information: operation not permitted
2024/12/28 10:18:45 Error render directory preview
2024/12/28 10:18:45 open /Users/jaimish/Library/Application Support/CallHistoryDB: operation not permitted
2024/12/28 10:18:45 Error render directory preview
2024/12/28 10:18:45 open /Users/jaimish/Library/Application Support/CallHistoryTransactions: operation not permitted
2024/12/28 10:18:45 Error render directory preview
2024/12/28 10:18:45 open /Users/jaimish/Library/Application Support/CloudDocs: operation not permitted
2024/12/28 10:18:45 Error render directory preview
2024/12/28 10:18:45 open /Users/jaimish/Library/Application Support/com.apple.sharedfilelist: operation not permitted
2024/12/28 10:18:46 Error render directory preview
2024/12/28 10:18:46 open /Users/jaimish/Library/Application Support/com.apple.TCC: operation not permitted
2024/12/28 10:18:46 Error render directory preview
2024/12/28 10:18:46 open /Users/jaimish/Library/Application Support/DifferentialPrivacy: operation not permitted
2024/12/28 10:18:46 Error render directory preview
2024/12/28 10:18:46 open /Users/jaimish/Library/Application Support/FaceTime: operation not permitted
2024/12/28 10:18:46 Error render directory preview
2024/12/28 10:18:46 open /Users/jaimish/Library/Application Support/FileProvider: operation not permitted
2024/12/28 10:18:47 Error render directory preview
2024/12/28 10:18:47 open /Users/jaimish/Library/Application Support/Knowledge: operation not permitted
2024/12/28 10:18:47 Error render directory preview
2024/12/28 10:18:47 open /Users/jaimish/Library/Application Support/MobileSync: operation not permitted
2024/12/28 10:18:58 Error check text file
2024/12/28 10:18:58 EOF
2024/12/28 10:18:58 Error check text file
2024/12/28 10:18:58 EOF
2024/12/28 10:19:02 Error check text file
2024/12/28 10:19:02 EOF
2024/12/28 10:19:02 Error check text file
2024/12/28 10:19:02 EOF
2024/12/28 10:20:30 Error render directory preview
2024/12/28 10:20:30 open /Users/jaimish/Library/Accounts: operation not permitted
2024/12/28 10:20:30 Error render directory preview
2024/12/28 10:20:30 open /Users/jaimish/Library/Accounts: operation not permitted
2024/12/28 10:20:31 Error render directory preview
2024/12/28 10:20:31 open /Users/jaimish/Library/Accounts: operation not permitted
2024/12/28 10:20:32 Error render directory preview
2024/12/28 10:20:32 open /Users/jaimish/Library/Accounts: operation not permitted
2024/12/28 10:20:32 Error render directory preview
2024/12/28 10:20:32 open /Users/jaimish/Library/Accounts: operation not permitted
2024/12/28 10:20:32 Error render directory preview
2024/12/28 10:20:32 open /Users/jaimish/Library/Accounts: operation not permitted
2024/12/28 10:20:35 Error render directory preview
2024/12/28 10:20:35 open /Users/jaimish/Library/Accounts: operation not permitted
2024/12/28 10:20:35 Error render directory preview
2024/12/28 10:20:35 open /Users/jaimish/Library/Accounts: operation not permitted
2024/12/28 10:20:36 Error render directory preview
2024/12/28 10:20:36 open /Users/jaimish/Library/Accounts: operation not permitted
2024/12/28 10:20:36 Error render directory preview
2024/12/28 10:20:36 open /Users/jaimish/Library/Accounts: operation not permitted
2024/12/28 10:44:17 Error render directory preview
2024/12/28 10:44:17 open /Users/jaimish/.Trash: operation not permitted
2024/12/28 10:44:19 Error render directory preview
2024/12/28 10:44:19 open /Users/jaimish/.Trash: operation not permitted
2024/12/28 10:44:58 error get file info
2024/12/28 10:44:58 stat /Users/jaimish/.jupyter/.jupyter: no such file or directory
2024/12/31 16:48:08 Error render directory preview
2024/12/31 16:48:08 open /Users/jaimish/.Trash: operation not permitted
2024/12/31 16:48:10 Error check text file
2024/12/31 16:48:10 EOF
2024/12/31 16:52:18 Error check text file
2024/12/31 16:52:18 EOF
2024/12/31 16:52:18 Error check text file
2024/12/31 16:52:18 EOF
2024/12/31 16:52:25 Error render directory preview
2024/12/31 16:52:25 open /Users/jaimish/.Trash: operation not permitted
2024/12/31 16:52:29 Error check text file
2024/12/31 16:52:29 EOF
2024/12/31 16:52:29 Error check text file
2024/12/31 16:52:29 EOF
2024/12/31 16:52:32 Error check text file
2024/12/31 16:52:32 EOF
2024/12/31 16:52:34 Error check text file
2024/12/31 16:52:34 EOF
2024/12/31 16:52:35 Error check text file
2024/12/31 16:52:35 EOF
2024/12/31 16:52:36 Error render directory preview
2024/12/31 16:52:36 open /Users/jaimish/.Trash: operation not permitted
2025/01/01 22:39:05 Error check text file
2025/01/01 22:39:05 EOF
2025/01/01 22:39:05 Error check text file
2025/01/01 22:39:05 EOF
2025/01/01 22:39:39 Error render directory preview
2025/01/01 22:39:39 open /Users/jaimish/.Trash: operation not permitted
2025/01/01 22:39:40 Error render directory preview
2025/01/01 22:39:40 open /Users/jaimish/.Trash: operation not permitted
2025/01/01 22:39:42 Error render directory preview
2025/01/01 22:39:42 open /Users/jaimish/.Trash: operation not permitted
2025/01/01 22:39:43 Error check text file
2025/01/01 22:39:43 EOF
2025/01/01 22:39:54 Error check text file
2025/01/01 22:39:54 EOF
2025/01/01 22:39:55 Error render directory preview
2025/01/01 22:39:55 open /Users/jaimish/.Trash: operation not permitted
2025/01/01 22:39:57 Error render directory preview
2025/01/01 22:39:57 open /Users/jaimish/.Trash: operation not permitted
2025/01/01 22:40:01 Error render directory preview
2025/01/01 22:40:01 open /Users/jaimish/.Trash: operation not permitted
2025/01/01 22:44:27 Error render directory preview
2025/01/01 22:44:27 open /Users/jaimish/.Trash: operation not permitted
2025/01/01 22:44:28 Error render directory preview
2025/01/01 22:44:28 open /Users/jaimish/.Trash: operation not permitted
2025/01/01 22:44:28 Error render directory preview
2025/01/01 22:44:28 open /Users/jaimish/.Trash: operation not permitted
2025/01/01 22:44:28 Error render directory preview
2025/01/01 22:44:28 open /Users/jaimish/.Trash: operation not permitted
2025/01/01 22:44:28 Error render directory preview
2025/01/01 22:44:28 open /Users/jaimish/.Trash: operation not permitted
2025/01/01 22:44:30 Error render directory preview
2025/01/01 22:44:30 open /Users/jaimish/.Trash: operation not permitted
